DEBUG: ("Three arguments: ",x, y, z) 3 3 2 false
DEBUG: ("Three arguments: ",x, y, z) 2 3 1 false
DEBUG: ("Three arguments: ",x, y, z) 3 3 2 false
DEBUG: ("Three arguments: ",x, y, z) 2 3 1 false
DEBUG: ("Machin 3", a, b, x) 2.0 1.0 3.0 false
DEBUG: ("Machin 5", a, b, x, y, z) 4.0 2.0 6.0 777.0 222.0 false
true
